// Jest Snapshot v1, https://goo.gl/fbAQLP

exports[`Loader should match the snapshot 1`] = `
<div
  className="loader"
>
  <h2
    className="welcome"
  >
    Welcome to Trapper Keeper!
  </h2>
  <p
    className="description"
  >
    Trapper Keeper is a wonderful way to take notes and store ideas.
  </p>
  <h4
    className="suggestion"
  >
    Start by creating a new note now!
  </h4>
  <NavLink
    className="button"
    to="/new-note"
  >
    Create New Note
  </NavLink>
</div>
`;
