// Jest Snapshot v1, https://goo.gl/fbAQLP

exports[`NoteForm should match the snapshot with all data passed in correctly 1`] = `
<div
  className="modal"
>
  <form
    className="note-form"
  >
    <input
      className="title-input"
      name="title"
      onChange={[Function]}
      placeholder="title"
      value=""
    />
    <div
      className="text"
      id={1554907871998}
      key="1554907871998"
    >
      <div
        className="add"
      />
      <input
        name="body"
        onChange={[Function]}
        placeholder="take a note"
        value=""
      />
    </div>
    <nav>
      <button
        className="submit-btn"
        onClick={[Function]}
      >
        Save Note
      </button>
    </nav>
  </form>
</div>
`;
